[32m╖[47C╓
║░░░░░░░░░░░░░░░░░▒▓[1;37;42m CASINO [0;32m▓▒░░░░░░░░░░░░░░░░░░║
║░[1m┌───────────────────────────────────────────┐[22m░║
║░[1m│[31m B [22m Blackjack         [1m H [22m High Stakes Draw [1;32m│[22m░║
║░[1m│[31m C [22m Craps             [1m K [22m Keno Lottery     [1;32m│[22m░║
║░[1m│[31m           S [22m Cherry Bomb Slots            [1;32m│[22m░║
║░[1m└───────────────────────────────────────────┘[22m░║
║░░░░░░░░░░░░░░░░░░░░░░░░░░░░░░░░░░░░░░░░░░░░░░░║
╜[47C╙