  [1m...[12C,,,[0;33m
  ([1;37m  `[0;33m   ^--^   [1;37m'[0;33m  )
  (  )__([1;31m`[0;33m..[1;31m'[0;33m)__(  )
  ([31m[6C`--'[33m[6C)
  ----\|. || .|/---
[8C\[4C/
[8C|[1;34m__[0;33m.[1;34m_[0;33m|[1;34m
[7C/[6C\
[6C|[4C|  |
[6C/   /|  |
[5C/[0;33m__[1;34m / |[0;33m__[1;34m|[0;33m
[5C/__/   \__\[1;37m
[5C'''[5C```
