[33m╖[63C╓
║[2m░░░░░░░░░░░░░░░░░░░░░░░░░▒▓[7m TAVERN [27m▓▒░░░░░░░░░░░░░░░░░░░░░░░░░░[22m║
║[2m░[22m┌───────────────────────────────────────────────────────────┐[2m░[22m║
║[2m░[22m│[m B [2m Brawl another user            [m L [2m List user bounties   [0;33m│[2m░[22m║
║[2m░[22m│[m E [2m Eavesdrop on the arguments    [m P [2m Post your own bounty [0;33m│[2m░[22m║
║[2m░[22m│[m J [2m Jump into the arguments       [m T [2m Today's news         [0;33m│[2m░[22m║
║[2m░[22m│[m G [2m Guzzle beer                   [m Y [2m Yesterday's news     [0;33m│[2m░[22m║
║[2m░[22m│[m                     S [2m Swear at Tiny                      [0;33m│[2m░[22m║
║[2m░[22m└───────────────────────────────────────────────────────────┘[2m░[22m║
║[2m░░░░░░░░░░░░░░░░░░░░░░░░░░░░░░░░░░░░░░░░░░░░░░░░░░░░░░░░░░░░░░░[22m║
╜[63C╙